3
3
-1
18446744073709551615
69.000000
-420.000000
69.000000
