69.000000
104.100000
139.200000
174.300000
209.400000
244.500000
279.600000
314.700000
349.800000
384.900000
420.000000
