57 41 53 44 FF 00 00 00 00 00 00 00 00 00 00 00 00 00 00 00 
255
57 41 53 44 0E B8 73 00 00 00 00 00 00 00 00 00 00 00 00 00 
7583758
