48 61 6C 6C 6F 00 00 00 00 00 00 00 00 00 00 00 00 00 00 00 
48 61 6C 6C 6F 45 00 00 00 00 00 00 00 00 00 00 00 00 00 00 
489
48 61 6C 6C 6F 45 00 00 00 00 00 00 00 00 00 00 00 00 00 00 
